scenario session-resume zone=1 bots=2 ticks=12 grace=30
t=0 alice join -> joined player=1 epoch=1
t=0 bob join -> joined player=2 epoch=1
t=0 alice move -> applied seq=1 epoch=1 x=0 z=1
t=1 alice p1 e1 ack1 (0,50,12) sees[bob] | bob p2 e1 ack0 (200,50,0) sees[alice]
t=2 alice p1 e1 ack1 (0,50,24) sees[bob] | bob p2 e1 ack0 (200,50,0) sees[alice]
t=2 alice disconnect -> disconnected player=1
t=3 expect bob sees alice ok alice at [0, 50, 36]
t=3 alice p1 offline | bob p2 e1 ack0 (200,50,0) sees[alice]
t=4 alice p1 offline | bob p2 e1 ack0 (200,50,0) sees[alice]
t=4 alice reconnect -> resumed player=1 epoch=2 identity=kept
t=5 expect alice identity ok player=1 epoch=2
t=5 alice p1 e2 ack1 (0,50,60) sees[bob] | bob p2 e1 ack0 (200,50,0) sees[alice]
t=5 alice reconnect -> rejected:already_connected
t=6 alice p1 e2 ack1 (0,50,72) sees[bob] | bob p2 e1 ack0 (200,50,0) sees[alice]
t=6 alice move -> rejected:stale_connection seq=2 epoch=1 x=0 z=0
t=6 alice move -> applied seq=3 epoch=2 x=0 z=0
t=7 expect alice acknowledged ok ack=3
t=7 alice p1 e2 ack3 (0,50,72) sees[bob] | bob p2 e1 ack0 (200,50,0) sees[alice]
t=8 alice p1 e2 ack3 (0,50,72) sees[bob] | bob p2 e1 ack0 (200,50,0) sees[alice]
t=9 alice p1 e2 ack3 (0,50,72) sees[bob] | bob p2 e1 ack0 (200,50,0) sees[alice]
t=10 alice p1 e2 ack3 (0,50,72) sees[bob] | bob p2 e1 ack0 (200,50,0) sees[alice]
t=11 alice p1 e2 ack3 (0,50,72) sees[bob] | bob p2 e1 ack0 (200,50,0) sees[alice]
t=12 alice p1 e2 ack3 (0,50,72) sees[bob] | bob p2 e1 ack0 (200,50,0) sees[alice]
PASS session-resume ticks=12 steps=8 expectations=3 failures=0
