scenario vale-wolf-hunt zone=1 bots=1 ticks=1800 grace=120
t=0 hunter join -> joined player=1 epoch=1
t=0 hunter move -> applied seq=1 epoch=1 forward=1 strafe=0 facing=0
t=1 hunter p1 e1 ack1 (-1550,90,1271) sees[]
t=1 hunter start_attack -> applied seq=2 epoch=1
t=2 expect hunter event error:no_target ok events[error:no_target]
t=2 hunter p1 e1 ack2 (-1550,90,1292) sees[] events[error:no_target]
t=36 hunter move -> applied seq=3 epoch=1 forward=1 strafe=0 facing=49152
t=37 hunter p1 e1 ack3 (-1571,90,2006) sees[]
t=100 hunter p1 e1 ack3 (-2894,90,2006) sees[]
t=121 hunter move -> applied seq=4 epoch=1 forward=1 strafe=0 facing=32768
t=122 hunter p1 e1 ack4 (-3335,90,1985) sees[]
t=131 hunter move -> applied seq=5 epoch=1 forward=1 strafe=0 facing=49152
t=132 hunter p1 e1 ack5 (-3356,90,1796) sees[]
t=200 hunter p1 e1 ack5 (-4784,90,1796) sees[]
t=300 hunter p1 e1 ack5 (-6884,90,1796) sees[]
t=375 hunter move -> applied seq=6 epoch=1 forward=1 strafe=0 facing=32768
t=376 hunter p1 e1 ack6 (-8459,90,1775) sees[]
t=380 expect hunter unit creature:108 alive ok L1 hp100% (-8350,45,437) [hostile,attackable]
t=380 hunter p1 e1 ack6 (-8459,90,1691) sees[]
t=380 hunter select_target -> applied seq=7 epoch=1 entity=creature:108
t=380 hunter start_attack -> applied seq=8 epoch=1
t=381 expect hunter event error:out_of_range creature:108 ok events[error:out_of_range]
t=381 hunter p1 e1 ack8 (-8459,90,1670) sees[] target=creature:108 attacking events[error:out_of_range]
t=394 expect hunter unit creature:108 targets_viewer by t=400 ok L1 hp100% (-8352,45,455) [in_combat,hostile,attackable,targets_viewer]
t=394 hunter p1 e1 ack8 (-8459,90,1397) sees[] target=creature:108 attacking in_combat
t=395 hunter move -> applied seq=9 epoch=1 forward=0 strafe=0 facing=32768
t=396 hunter p1 e1 ack9 (-8459,90,1376) sees[] target=creature:108 attacking in_combat
t=400 hunter p1 e1 ack9 (-8459,90,1376) sees[] target=creature:108 attacking in_combat
t=411 hunter p1 e1 ack9 (-8459,90,1376) sees[] target=creature:108 attacking in_combat events[error:out_of_range]
t=432 expect hunter event damage_dealt creature:108 by t=450 ok events[dealt:creature:108:6]
t=432 hunter p1 e1 ack9 (-8459,90,1376) sees[] target=creature:108 attacking in_combat events[dealt:creature:108:6]
t=433 expect hunter event damage_taken creature:108 by t=450 ok events[taken:creature:108:3]
t=433 hunter p1 e1 ack9 (-8459,90,1376) sees[] hp47/50 target=creature:108 attacking in_combat events[taken:creature:108:3]
t=492 hunter p1 e1 ack9 (-8459,90,1376) sees[] hp47/50 target=creature:108 attacking in_combat events[dealt:creature:108:4]
t=493 hunter p1 e1 ack9 (-8459,90,1376) sees[] hp43/50 target=creature:108 attacking in_combat events[taken:creature:108:4]
t=500 hunter p1 e1 ack9 (-8459,90,1376) sees[] hp43/50 target=creature:108 attacking in_combat
t=552 hunter p1 e1 ack9 (-8459,90,1376) sees[] hp43/50 target=creature:108 attacking in_combat events[dealt:creature:108:3]
t=553 hunter p1 e1 ack9 (-8459,90,1376) sees[] hp40/50 target=creature:108 attacking in_combat events[taken:creature:108:3]
t=600 hunter p1 e1 ack9 (-8459,90,1376) sees[] hp40/50 target=creature:108 attacking in_combat
t=612 hunter p1 e1 ack9 (-8459,90,1376) sees[] hp40/50 target=creature:108 attacking in_combat events[dealt:creature:108:5]
t=613 hunter p1 e1 ack9 (-8459,90,1376) sees[] hp36/50 target=creature:108 attacking in_combat events[taken:creature:108:4]
t=672 hunter p1 e1 ack9 (-8459,90,1376) sees[] hp36/50 target=creature:108 attacking in_combat events[dealt:creature:108:6]
t=673 hunter p1 e1 ack9 (-8459,90,1376) sees[] hp33/50 target=creature:108 attacking in_combat events[taken:creature:108:3]
t=700 hunter p1 e1 ack9 (-8459,90,1376) sees[] hp33/50 target=creature:108 attacking in_combat
t=732 hunter p1 e1 ack9 (-8459,90,1376) sees[] hp33/50 target=creature:108 attacking in_combat events[dealt:creature:108:4]
t=733 hunter p1 e1 ack9 (-8459,90,1376) sees[] hp31/50 target=creature:108 attacking in_combat events[taken:creature:108:2]
t=792 hunter p1 e1 ack9 (-8459,90,1376) sees[] hp31/50 target=creature:108 attacking in_combat events[dealt:creature:108:3]
t=793 hunter p1 e1 ack9 (-8459,90,1376) sees[] hp27/50 target=creature:108 attacking in_combat events[taken:creature:108:4]
t=800 hunter p1 e1 ack9 (-8459,90,1376) sees[] hp27/50 target=creature:108 attacking in_combat
t=852 hunter p1 e1 ack9 (-8459,90,1376) sees[] hp27/50 target=creature:108 attacking in_combat events[dealt:creature:108:6]
t=853 hunter p1 e1 ack9 (-8459,90,1376) sees[] hp23/50 target=creature:108 attacking in_combat events[taken:creature:108:4]
t=900 hunter p1 e1 ack9 (-8459,90,1376) sees[] hp23/50 target=creature:108 attacking in_combat
t=912 expect hunter event died creature:108 by t=1000 ok events[dealt:creature:108:5,died:creature:108]
t=912 hunter p1 e1 ack9 (-8459,90,1376) sees[] hp23/50 target=creature:108 attacking in_combat events[dealt:creature:108:5,died:creature:108]
t=913 hunter p1 e1 ack9 (-8459,90,1376) sees[] hp23/50 target=creature:108 in_combat
t=920 expect hunter unit creature:108 dead ok L1 hp0% (-8430,45,1157) [dead,hostile]
t=920 expect hunter target creature:108 ok target=creature:108
t=920 hunter p1 e1 ack9 (-8459,90,1376) sees[] hp23/50 target=creature:108 in_combat
t=920 hunter start_attack -> applied seq=10 epoch=1
t=921 expect hunter event error:target_dead creature:108 ok events[error:target_dead]
t=921 hunter p1 e1 ack10 (-8459,90,1376) sees[] hp23/50 target=creature:108 in_combat events[error:target_dead]
t=930 hunter move -> applied seq=11 epoch=1 forward=1 strafe=0 facing=32768
t=931 hunter p1 e1 ack11 (-8459,90,1355) sees[] hp23/50 target=creature:108 in_combat
t=1000 hunter p1 e1 ack11 (-8459,90,-94) sees[] hp23/50 target=creature:108 in_combat
t=1038 expect hunter unit creature:106 targets_viewer within t=931..=1040 ok L1 hp100% (-9304,45,-1358) [in_combat,hostile,attackable,targets_viewer]
t=1038 hunter p1 e1 ack11 (-8459,90,-892) sees[] hp23/50 target=creature:108 in_combat
t=1040 hunter move -> applied seq=12 epoch=1 forward=0 strafe=0 facing=32768
t=1040 hunter select_target -> applied seq=13 epoch=1 entity=creature:106
t=1040 hunter start_attack -> applied seq=14 epoch=1
t=1041 hunter p1 e1 ack14 (-8459,90,-934) sees[] hp23/50 target=creature:106 attacking in_combat events[error:out_of_range]
t=1071 hunter p1 e1 ack14 (-8459,90,-934) sees[] hp23/50 target=creature:106 attacking in_combat events[error:out_of_range]
t=1078 hunter p1 e1 ack14 (-8459,90,-934) sees[] hp23/50 target=creature:106 attacking in_combat events[dealt:creature:106:3]
t=1079 expect hunter event damage_taken creature:106 by t=1200 ok events[taken:creature:106:4]
t=1079 hunter p1 e1 ack14 (-8459,90,-934) sees[] hp19/50 target=creature:106 attacking in_combat events[taken:creature:106:4]
t=1100 hunter p1 e1 ack14 (-8459,90,-934) sees[] hp19/50 target=creature:106 attacking in_combat
t=1138 hunter p1 e1 ack14 (-8459,90,-934) sees[] hp19/50 target=creature:106 attacking in_combat events[dealt:creature:106:3]
t=1139 hunter p1 e1 ack14 (-8459,90,-934) sees[] hp16/50 target=creature:106 attacking in_combat events[taken:creature:106:3]
t=1198 hunter p1 e1 ack14 (-8459,90,-934) sees[] hp16/50 target=creature:106 attacking in_combat events[dealt:creature:106:3]
t=1199 hunter p1 e1 ack14 (-8459,90,-934) sees[] hp14/50 target=creature:106 attacking in_combat events[taken:creature:106:2]
t=1200 hunter p1 e1 ack14 (-8459,90,-934) sees[] hp14/50 target=creature:106 attacking in_combat
t=1200 hunter stop_attack -> applied seq=15 epoch=1
t=1201 hunter p1 e1 ack15 (-8459,90,-934) sees[] hp14/50 target=creature:106 in_combat
t=1259 hunter p1 e1 ack15 (-8459,90,-934) sees[] hp11/50 target=creature:106 in_combat events[taken:creature:106:3]
t=1300 hunter p1 e1 ack15 (-8459,90,-934) sees[] hp11/50 target=creature:106 in_combat
t=1319 hunter p1 e1 ack15 (-8459,90,-934) sees[] hp7/50 target=creature:106 in_combat events[taken:creature:106:4]
t=1379 hunter p1 e1 ack15 (-8459,90,-934) sees[] hp4/50 target=creature:106 in_combat events[taken:creature:106:3]
t=1400 hunter p1 e1 ack15 (-8459,90,-934) sees[] hp4/50 target=creature:106 in_combat
t=1439 hunter p1 e1 ack15 (-8459,90,-934) sees[] hp2/50 target=creature:106 in_combat events[taken:creature:106:2]
t=1499 expect hunter event died bot:hunter by t=1500 ok events[taken:creature:106:2,died:hunter]
t=1499 hunter p1 e1 ack15 (-8459,90,-934) sees[] hp0/50 dead target=creature:106 in_combat events[taken:creature:106:2,died:hunter]
t=1500 expect hunter health ok health=0/50
t=1500 expect hunter unit bot:hunter dead ok L1 hp0% (-8459,90,-934) [dead,in_combat]
t=1500 expect hunter unit creature:106 evading by t=1500 ok L1 hp79% (-8669,45,-1060) [hostile,attackable,evading]
t=1500 hunter p1 e1 ack15 (-8459,90,-934) sees[] hp0/50 dead target=creature:106 in_combat
t=1500 hunter start_attack -> applied seq=16 epoch=1
t=1500 hunter move -> applied seq=17 epoch=1 forward=1 strafe=0 facing=0
t=1501 expect hunter event error:you_are_dead ok events[error:you_are_dead]
t=1501 expect hunter target creature:106 ok target=creature:106
t=1501 hunter p1 e1 ack17 (-8459,90,-934) sees[] hp0/50 dead target=creature:106 in_combat events[error:you_are_dead]
t=1600 expect hunter position hunter ok [-8459, 90, -934]
t=1600 hunter p1 e1 ack17 (-8459,90,-934) sees[] hp0/50 dead target=creature:106 in_combat
t=1600 hunter move -> applied seq=18 epoch=1 forward=0 strafe=0 facing=0
t=1601 hunter p1 e1 ack18 (-8459,90,-934) sees[] hp0/50 dead target=creature:106 in_combat
t=1649 hunter p1 e1 ack18 (-8459,90,-934) sees[] hp0/50 dead target=creature:106
t=1700 hunter p1 e1 ack18 (-8459,90,-934) sees[] hp0/50 dead target=creature:106
t=1700 hunter release_spirit -> applied seq=19 epoch=1
t=1701 expect hunter position hunter ok [-2000, 90, 4150]
t=1701 expect hunter unit bot:hunter alive ok L1 hp50% (-2000,90,4150) []
t=1701 expect hunter health ok health=25/50
t=1701 expect hunter area hunter ok hunter in Greyhaven Outpost
t=1701 expect hunter unit creature:106 absent ok absent
t=1701 hunter p1 e1 ack19 (-2000,90,4150) sees[] hp25/50 target=creature:106
t=1800 hunter p1 e1 ack19 (-2000,90,4150) sees[] hp25/50 target=creature:106
PASS vale-wolf-hunt ticks=1800 steps=20 expectations=24 failures=0
