scenario lease-lifecycle lease_ttl=100 heartbeat_ttl=50 steps=17
#0 t=0 register host=host-a -> ok live_until=50 | no owners | invariants ok
#1 t=0 register host=host-b -> ok live_until=50 | no owners | invariants ok
#2 t=0 assign zone=10 host=host-a -> ok epoch=1 expires=100 | zone10=host-a@1<100 | invariants ok
#3 t=10 write zone=10 host=host-a epoch=1 -> ok zone_tick=1 | zone10=host-a@1<100 | invariants ok
#4 t=40 heartbeat host=host-b -> ok live_until=90 | zone10=host-a@1<100 | invariants ok
#5 t=50 renew zone=10 host=host-a epoch=1 -> ok epoch=1 expires=150 | zone10=host-a@1<150 | invariants ok
#6 t=60 expire_hosts -> ok expired=[host-a] | zone10=host-a@1<150 | invariants ok
#7 t=60 write zone=10 host=host-a epoch=1 -> ok zone_tick=2 | zone10=host-a@1<150 | invariants ok
#8 t=60 assign zone=11 host=host-a -> rejected:host_not_registered | zone10=host-a@1<150 | invariants ok
#9 t=60 heartbeat host=host-b -> ok live_until=110 | zone10=host-a@1<150 | invariants ok
#10 t=150 write zone=10 host=host-a epoch=1 -> rejected:lease_expired | zone10=host-a@1<150 | invariants ok
#11 t=150 renew zone=10 host=host-a epoch=1 -> rejected:lease_expired | zone10=host-a@1<150 | invariants ok
#12 t=150 expire_leases -> ok expired=[10@1] | no owners | invariants ok
#13 t=150 register host=host-b -> ok live_until=200 | no owners | invariants ok
#14 t=150 assign zone=10 host=host-b -> ok epoch=2 expires=250 | zone10=host-b@2<250 | invariants ok
#15 t=151 write zone=10 host=host-b epoch=2 -> ok zone_tick=1 | zone10=host-b@2<250 | invariants ok
#16 t=151 write zone=10 host=host-a epoch=1 -> rejected:stale_lease | zone10=host-b@2<250 | invariants ok
PASS lease-lifecycle steps=17 rejected=4 invariant_checks=68 failures=0
